###############################################################################
#
# IAR ANSI C/C++ Compiler V7.50.2.10312/W32 for ARM       31/Mar/2017  13:38:27
# Copyright 1999-2015 IAR Systems AB.
#
#    Cpu mode     =  thumb
#    Endian       =  little
#    Source file  =  
#        C:\Users\j3qq4hch\Documents\led-zeppelin\software\pwm_controller\app\src\time_service.c
#    Command line =  
#        C:\Users\j3qq4hch\Documents\led-zeppelin\software\pwm_controller\app\src\time_service.c
#        -D USE_STDPERIPH_DRIVER -D CLK_SOURCE_HSE -lcN
#        C:\Users\j3qq4hch\Documents\led-zeppelin\software\pwm_controller\app\EWARM\watchdog\List
#        -o
#        C:\Users\j3qq4hch\Documents\led-zeppelin\software\pwm_controller\app\EWARM\watchdog\Obj
#        --no_cse --no_unroll --no_inline --no_code_motion --no_tbaa
#        --no_clustering --no_scheduling --debug --endian=little
#        --cpu=Cortex-M0 --char_is_signed --fpu=None --dlib_config "C:\Program
#        Files (x86)\IAR Systems\Embedded Workbench
#        7.3\arm\INC\c\DLib_Config_Normal.h" -I
#        C:\Users\j3qq4hch\Documents\led-zeppelin\software\pwm_controller\app\EWARM\..\
#        -I
#        C:\Users\j3qq4hch\Documents\led-zeppelin\software\pwm_controller\app\EWARM\..\inc\
#        -I
#        C:\Users\j3qq4hch\Documents\led-zeppelin\software\pwm_controller\app\EWARM\..\pt\
#        -I
#        C:\Users\j3qq4hch\Documents\led-zeppelin\software\pwm_controller\app\EWARM\..\..\Libraries\CMSIS\Device\ST\STM32F0xx\Include\
#        -I
#        C:\Users\j3qq4hch\Documents\led-zeppelin\software\pwm_controller\app\EWARM\..\..\Libraries\STM32F0xx_StdPeriph_Driver\inc\
#        -I
#        C:\Users\j3qq4hch\Documents\led-zeppelin\software\pwm_controller\app\EWARM\..\..\FreeRTOS\include\
#        -I
#        C:\Users\j3qq4hch\Documents\led-zeppelin\software\pwm_controller\app\EWARM\..\..\FreeRTOS\portable\
#        -On --use_c++_inline --require_prototypes -I "C:\Program Files
#        (x86)\IAR Systems\Embedded Workbench 7.3\arm\CMSIS\Include\"
#    List file    =  
#        C:\Users\j3qq4hch\Documents\led-zeppelin\software\pwm_controller\app\EWARM\watchdog\List\time_service.lst
#    Object file  =  
#        C:\Users\j3qq4hch\Documents\led-zeppelin\software\pwm_controller\app\EWARM\watchdog\Obj\time_service.o
#
###############################################################################

C:\Users\j3qq4hch\Documents\led-zeppelin\software\pwm_controller\app\src\time_service.c
      1          
      2          #include "time_service.h"
      3          #include "stm32f0xx.h"
      4          
      5          //time service time step is 1mS
      6          //all delay functions are in mS
      7          
      8          static u32 uptime = 0;
      9          
     10          void time_service_init(void)
     11          {
     12            SysTick_Config(SystemCoreClock / 1000);
     13          }
     14          
     15          void ts_delay(u16 mS)
     16          {
     17          u32 time = uptime + mS;
     18          while(time > uptime){}
     19          }
     20          
     21          void time_service_isr(void)
     22          {
     23          uptime++;
     24          }
     25          
     26          u32 get_uptime(void)
     27          {
     28          return uptime;
     29          }

   Maximum stack usage in bytes:

   .cstack Function
   ------- --------
      20   NVIC_SetPriority
       8   SysTick_Config
         8   -> NVIC_SetPriority
       0   get_uptime
       8   time_service_init
         8   -> SysTick_Config
         8 __aeabi_uidiv
       0   time_service_isr
       4   ts_delay


   Section sizes:

   Bytes  Function/Label
   -----  --------------
       4  ??DataTable5
       4  ??DataTable5_1
       4  ??DataTable5_2
       4  ??DataTable5_3
       4  ??DataTable5_4
       4  ??DataTable5_5
       4  ??DataTable5_6
     132  NVIC_SetPriority
      50  SysTick_Config
       6  get_uptime
      20  time_service_init
      12  time_service_isr
      20  ts_delay
       4  uptime

 
   4 bytes in section .bss
 268 bytes in section .text
 
 268 bytes of CODE memory
   4 bytes of DATA memory

Errors: none
Warnings: none
