###############################################################################
#
# IAR ANSI C/C++ Compiler V7.50.2.10312/W32 for ARM       27/Dec/2016  14:05:06
# Copyright 1999-2015 IAR Systems AB.
#
#    Cpu mode     =  thumb
#    Endian       =  little
#    Source file  =  
#        C:\Users\j3qq4hch\Documents\led-zeppelin\software\pwm_controller\app\src\uptime.c
#    Command line =  
#        C:\Users\j3qq4hch\Documents\led-zeppelin\software\pwm_controller\app\src\uptime.c
#        -D USE_STDPERIPH_DRIVER -D USE_STM32072B_EVAL -D STM32F042x6 -lcN
#        C:\Users\j3qq4hch\Documents\led-zeppelin\software\pwm_controller\app\EWARM\watchdog\List
#        -o
#        C:\Users\j3qq4hch\Documents\led-zeppelin\software\pwm_controller\app\EWARM\watchdog\Obj
#        --no_cse --no_unroll --no_inline --no_code_motion --no_tbaa
#        --no_clustering --no_scheduling --debug --endian=little
#        --cpu=Cortex-M0 --char_is_signed --fpu=None --dlib_config "C:\Program
#        Files (x86)\IAR Systems\Embedded Workbench
#        7.3\arm\INC\c\DLib_Config_Normal.h" -I
#        C:\Users\j3qq4hch\Documents\led-zeppelin\software\pwm_controller\app\EWARM\..\
#        -I
#        C:\Users\j3qq4hch\Documents\led-zeppelin\software\pwm_controller\app\EWARM\..\led_matrix\
#        -I
#        C:\Users\j3qq4hch\Documents\led-zeppelin\software\pwm_controller\app\EWARM\..\serint\
#        -I
#        C:\Users\j3qq4hch\Documents\led-zeppelin\software\pwm_controller\app\EWARM\..\usb\
#        -I
#        C:\Users\j3qq4hch\Documents\led-zeppelin\software\pwm_controller\app\EWARM\..\inc\
#        -I
#        C:\Users\j3qq4hch\Documents\led-zeppelin\software\pwm_controller\app\EWARM\..\CLI\
#        -I
#        C:\Users\j3qq4hch\Documents\led-zeppelin\software\pwm_controller\app\EWARM\..\..\Libraries\CMSIS\Device\ST\STM32F0xx\Include\
#        -I
#        C:\Users\j3qq4hch\Documents\led-zeppelin\software\pwm_controller\app\EWARM\..\..\Libraries\STM32F0xx_StdPeriph_Driver\inc\
#        -I
#        C:\Users\j3qq4hch\Documents\led-zeppelin\software\pwm_controller\app\EWARM\..\..\Libraries\STM32_USB_Device_Driver\inc\
#        -I
#        C:\Users\j3qq4hch\Documents\led-zeppelin\software\pwm_controller\app\EWARM\..\..\Libraries\STM32_USB_Device_Library\Core\inc\
#        -I
#        C:\Users\j3qq4hch\Documents\led-zeppelin\software\pwm_controller\app\EWARM\..\..\Libraries\STM32_USB_Device_Library\Class\cdc\inc\
#        -I
#        C:\Users\j3qq4hch\Documents\led-zeppelin\software\pwm_controller\app\EWARM\..\..\Utilities\STM32_EVAL\
#        -I
#        C:\Users\j3qq4hch\Documents\led-zeppelin\software\pwm_controller\app\EWARM\..\..\Utilities\STM32_EVAL\Common\
#        -I
#        C:\Users\j3qq4hch\Documents\led-zeppelin\software\pwm_controller\app\EWARM\..\..\Utilities\STM32_EVAL\STM32072B_EVAL\
#        -On --use_c++_inline --require_prototypes -I "C:\Program Files
#        (x86)\IAR Systems\Embedded Workbench 7.3\arm\CMSIS\Include\"
#    List file    =  
#        C:\Users\j3qq4hch\Documents\led-zeppelin\software\pwm_controller\app\EWARM\watchdog\List\uptime.lst
#    Object file  =  
#        C:\Users\j3qq4hch\Documents\led-zeppelin\software\pwm_controller\app\EWARM\watchdog\Obj\uptime.o
#
###############################################################################

C:\Users\j3qq4hch\Documents\led-zeppelin\software\pwm_controller\app\src\uptime.c
      1          #include "uptime.h"
      2          
      3          volatile u32 uptime_counter = 0;
      4          
      5          
      6          u32 get_uptime_ticks(void)
      7          {
      8            return uptime_counter;
      9          }
     10          
     11          
     12          void delay_ms__(u32 delay)
     13          {
     14          delay *= TICK_LEN_IN_mS;
     15          u32 time = get_uptime_ticks();
     16          while(get_uptime_ticks() < time + delay){}
     17          }

   Maximum stack usage in bytes:

   .cstack Function
   ------- --------
      16   delay_ms__
        16   -> get_uptime_ticks
       0   get_uptime_ticks


   Section sizes:

   Bytes  Function/Label
   -----  --------------
       4  ??DataTable0
      22  delay_ms__
       6  get_uptime_ticks
       4  uptime_counter

 
  4 bytes in section .bss
 32 bytes in section .text
 
 32 bytes of CODE memory
  4 bytes of DATA memory

Errors: none
Warnings: none
