###############################################################################
#
# IAR ANSI C/C++ Compiler V7.50.2.10312/W32 for ARM       27/Dec/2016  14:05:09
# Copyright 1999-2015 IAR Systems AB.
#
#    Cpu mode     =  thumb
#    Endian       =  little
#    Source file  =  
#        C:\Users\j3qq4hch\Documents\led-zeppelin\software\pwm_controller\app\usb\usbd_usr.c
#    Command line =  
#        C:\Users\j3qq4hch\Documents\led-zeppelin\software\pwm_controller\app\usb\usbd_usr.c
#        -D USE_STDPERIPH_DRIVER -D USE_STM32072B_EVAL -D STM32F042x6 -lcN
#        C:\Users\j3qq4hch\Documents\led-zeppelin\software\pwm_controller\app\EWARM\watchdog\List
#        -o
#        C:\Users\j3qq4hch\Documents\led-zeppelin\software\pwm_controller\app\EWARM\watchdog\Obj
#        --no_cse --no_unroll --no_inline --no_code_motion --no_tbaa
#        --no_clustering --no_scheduling --debug --endian=little
#        --cpu=Cortex-M0 --char_is_signed --fpu=None --dlib_config "C:\Program
#        Files (x86)\IAR Systems\Embedded Workbench
#        7.3\arm\INC\c\DLib_Config_Normal.h" -I
#        C:\Users\j3qq4hch\Documents\led-zeppelin\software\pwm_controller\app\EWARM\..\
#        -I
#        C:\Users\j3qq4hch\Documents\led-zeppelin\software\pwm_controller\app\EWARM\..\led_matrix\
#        -I
#        C:\Users\j3qq4hch\Documents\led-zeppelin\software\pwm_controller\app\EWARM\..\serint\
#        -I
#        C:\Users\j3qq4hch\Documents\led-zeppelin\software\pwm_controller\app\EWARM\..\usb\
#        -I
#        C:\Users\j3qq4hch\Documents\led-zeppelin\software\pwm_controller\app\EWARM\..\inc\
#        -I
#        C:\Users\j3qq4hch\Documents\led-zeppelin\software\pwm_controller\app\EWARM\..\CLI\
#        -I
#        C:\Users\j3qq4hch\Documents\led-zeppelin\software\pwm_controller\app\EWARM\..\..\Libraries\CMSIS\Device\ST\STM32F0xx\Include\
#        -I
#        C:\Users\j3qq4hch\Documents\led-zeppelin\software\pwm_controller\app\EWARM\..\..\Libraries\STM32F0xx_StdPeriph_Driver\inc\
#        -I
#        C:\Users\j3qq4hch\Documents\led-zeppelin\software\pwm_controller\app\EWARM\..\..\Libraries\STM32_USB_Device_Driver\inc\
#        -I
#        C:\Users\j3qq4hch\Documents\led-zeppelin\software\pwm_controller\app\EWARM\..\..\Libraries\STM32_USB_Device_Library\Core\inc\
#        -I
#        C:\Users\j3qq4hch\Documents\led-zeppelin\software\pwm_controller\app\EWARM\..\..\Libraries\STM32_USB_Device_Library\Class\cdc\inc\
#        -I
#        C:\Users\j3qq4hch\Documents\led-zeppelin\software\pwm_controller\app\EWARM\..\..\Utilities\STM32_EVAL\
#        -I
#        C:\Users\j3qq4hch\Documents\led-zeppelin\software\pwm_controller\app\EWARM\..\..\Utilities\STM32_EVAL\Common\
#        -I
#        C:\Users\j3qq4hch\Documents\led-zeppelin\software\pwm_controller\app\EWARM\..\..\Utilities\STM32_EVAL\STM32072B_EVAL\
#        -On --use_c++_inline --require_prototypes -I "C:\Program Files
#        (x86)\IAR Systems\Embedded Workbench 7.3\arm\CMSIS\Include\"
#    List file    =  
#        C:\Users\j3qq4hch\Documents\led-zeppelin\software\pwm_controller\app\EWARM\watchdog\List\usbd_usr.lst
#    Object file  =  
#        C:\Users\j3qq4hch\Documents\led-zeppelin\software\pwm_controller\app\EWARM\watchdog\Obj\usbd_usr.o
#
###############################################################################

C:\Users\j3qq4hch\Documents\led-zeppelin\software\pwm_controller\app\usb\usbd_usr.c
      1          /**
      2            ******************************************************************************
      3            * @file    usbd_usr.c
      4            * @author  MCD Application Team
      5            * @version V1.0.0
      6            * @date    31-January-2014
      7            * @brief   This file contains user callback structure for USB events Management
      8            ******************************************************************************
      9            * @attention
     10            *
     11            * <h2><center>&copy; COPYRIGHT 2014 STMicroelectronics</center></h2>
     12            *
     13            * Licensed under MCD-ST Liberty SW License Agreement V2, (the "License");
     14            * You may not use this file except in compliance with the License.
     15            * You may obtain a copy of the License at:
     16            *
     17            *        http://www.st.com/software_license_agreement_liberty_v2
     18            *
     19            * Unless required by applicable law or agreed to in writing, software 
     20            * distributed under the License is distributed on an "AS IS" BASIS, 
     21            * WITHOUT WARRANTIES OR CONDITIONS OF ANY KIND, either express or implied.
     22            * See the License for the specific language governing permissions and
     23            * limitations under the License.
     24            *
     25            ******************************************************************************
     26            */ 
     27          
     28          /* Includes ------------------------------------------------------------------*/
     29          #include "usbd_usr.h"
     30          
     31          /* Private typedef -----------------------------------------------------------*/
     32          /* Private define ------------------------------------------------------------*/
     33          /* Private macro -------------------------------------------------------------*/
     34          /* Private variables ---------------------------------------------------------*/
     35          USBD_Usr_cb_TypeDef USR_cb =
     36          {
     37            USBD_USR_Init,
     38            USBD_USR_DeviceReset,
     39            USBD_USR_DeviceConfigured,
     40            USBD_USR_DeviceSuspended,
     41            USBD_USR_DeviceResumed,  
     42          };
     43          
     44          /* Private function prototypes -----------------------------------------------*/
     45          /* Private functions ---------------------------------------------------------*/
     46          /**
     47            * @brief  Device lib initialization
     48            * @param  None
     49            * @retval None
     50            */
     51          void USBD_USR_Init(void)
     52          {   
     53            
     54          }
     55          
     56          /**
     57            * @brief  Reset Event
     58            * @param  speed : device speed
     59            * @retval None
     60            */
     61          void USBD_USR_DeviceReset(uint8_t speed )
     62          {
     63          
     64          }
     65          
     66          
     67          /**
     68            * @brief  Configuration Event
     69            * @param  None
     70            * @retval Status
     71          */
     72          void USBD_USR_DeviceConfigured (void)
     73          {
     74          
     75          }
     76          
     77          /**
     78            * @brief  Device suspend Event
     79            * @param  None
     80            * @retval None
     81            */
     82          void USBD_USR_DeviceSuspended(void)
     83          {
     84          }
     85          
     86          
     87          /**
     88            * @brief  Device resume Event
     89            * @param  None
     90            * @retval None
     91            */
     92          void USBD_USR_DeviceResumed(void)
     93          {
     94          }
     95          
     96          /************************ (C) COPYRIGHT STMicroelectronics *****END OF FILE****/

   Maximum stack usage in bytes:

   .cstack Function
   ------- --------
       0   USBD_USR_DeviceConfigured
       0   USBD_USR_DeviceReset
       0   USBD_USR_DeviceResumed
       0   USBD_USR_DeviceSuspended
       0   USBD_USR_Init


   Section sizes:

   Bytes  Function/Label
   -----  --------------
       2  USBD_USR_DeviceConfigured
       2  USBD_USR_DeviceReset
       2  USBD_USR_DeviceResumed
       2  USBD_USR_DeviceSuspended
       2  USBD_USR_Init
      20  USR_cb

 
 20 bytes in section .data
 10 bytes in section .text
 
 10 bytes of CODE memory
 20 bytes of DATA memory

Errors: none
Warnings: none
